
Discarded input sections

 .data          0x0000000000000000        0x0 /tmp/ccCFch38.o
 .bss           0x0000000000000000        0x0 /tmp/ccCFch38.o
 .ARM.extab     0x0000000000000000        0x0 /tmp/ccCFch38.o
 .data          0x0000000000000000        0x0 /tmp/ccKkY3J4.o
 .bss           0x0000000000000000        0x0 /tmp/ccKkY3J4.o
 .data          0x0000000000000000        0x0 /tmp/ccuX43C2.o
 .bss           0x0000000000000000        0x0 /tmp/ccuX43C2.o

Memory Configuration

Name             Origin             Length             Attributes
KERNEL_RAM       0x0000000000000000 0x0000000000000100 xr
USER_RAM         0x0000000000000100 0x00000000000076ff xrw
STACK            0x00000000000077ff 0x0000000000000800 rw
FLASH            0x0000000008008020 0x0000000000057fe0 xr
*default*        0x0000000000000000 0xffffffffffffffff

Linker script and memory map

LOAD /tmp/ccCFch38.o
LOAD /tmp/ccKkY3J4.o
LOAD /tmp/ccuX43C2.o

.kernelTEXT     0x0000000000000000       0x74
 *(.ivt)
 .ivt           0x0000000000000000       0x20 /tmp/ccKkY3J4.o
                0x0000000000000000                IVT_START
 *(.kernelTEXT)
 .kernelTEXT    0x0000000000000020       0x54 /tmp/ccuX43C2.o
                0x0000000000000020                _init

.text           0x0000000000000100      0x6e0
                0x0000000000000100                . = ALIGN (0x100)
 *(.init)
 *(.text)
 .text          0x0000000000000100      0x6d4 /tmp/ccCFch38.o
                0x0000000000000100                main
                0x0000000000000390                array_copy
                0x0000000000000410                array_eq
                0x00000000000004b8                sys_exit
                0x00000000000004fc                bubble_sort
                0x00000000000005e0                insertion_sort
                0x00000000000006d4                selection_sort
 *fill*         0x00000000000007d4        0xc 
 .text          0x00000000000007e0        0x0 /tmp/ccKkY3J4.o
 .text          0x00000000000007e0        0x0 /tmp/ccuX43C2.o
 *(.text*)
 *(.glue_7)
 .glue_7        0x00000000000007e0        0x0 linker stubs
 *(.glue_7t)
 .glue_7t       0x00000000000007e0        0x0 linker stubs
 *(.eh_frame)
                0x00000000000007e0                . = ALIGN (0x4)

.vfp11_veneer   0x00000000000007e0        0x0
 .vfp11_veneer  0x00000000000007e0        0x0 linker stubs

.v4_bx          0x00000000000007e0        0x0
 .v4_bx         0x00000000000007e0        0x0 linker stubs

.iplt           0x00000000000007e0        0x0
 .iplt          0x00000000000007e0        0x0 /tmp/ccCFch38.o

.rodata         0x00000000000007e0      0x320
                0x00000000000007e0                . = ALIGN (0x4)
 *(.rodata)
 .rodata        0x00000000000007e0      0x320 /tmp/ccCFch38.o
 *(.rodata*)

.ARM.exidx      0x0000000000000b00        0x8
 .ARM.exidx     0x0000000000000b00        0x8 /tmp/ccCFch38.o
                                         0x38 (size before relaxing)

.rel.dyn        0x0000000000000b08        0x0
 .rel.iplt      0x0000000000000b08        0x0 /tmp/ccCFch38.o

.data           0x0000000000000b08        0x0
                0x0000000000000b08                . = ALIGN (0x4)
 *(.data)
 *(.data*)
OUTPUT(program/pre_analysis/sort.out elf32-bigarm)

.igot.plt       0x0000000000000b08        0x0
 .igot.plt      0x0000000000000b08        0x0 /tmp/ccCFch38.o

.debug_str      0x0000000000000000      0x166
 .debug_str     0x0000000000000000      0x166 /tmp/ccCFch38.o
                                        0x16f (size before relaxing)

.debug_abbrev   0x0000000000000000       0xf7
 .debug_abbrev  0x0000000000000000       0xcf /tmp/ccCFch38.o
 .debug_abbrev  0x00000000000000cf       0x14 /tmp/ccKkY3J4.o
 .debug_abbrev  0x00000000000000e3       0x14 /tmp/ccuX43C2.o

.debug_info     0x0000000000000000      0x3f7
 .debug_info    0x0000000000000000      0x2d4 /tmp/ccCFch38.o
 .debug_info    0x00000000000002d4       0x91 /tmp/ccKkY3J4.o
 .debug_info    0x0000000000000365       0x92 /tmp/ccuX43C2.o

.debug_ranges   0x0000000000000000        0x0
 .debug_ranges  0x0000000000000000        0x0 /tmp/ccCFch38.o

.debug_macinfo  0x0000000000000000        0x1
 .debug_macinfo
                0x0000000000000000        0x1 /tmp/ccCFch38.o

.debug_pubnames
                0x0000000000000000       0x91
 .debug_pubnames
                0x0000000000000000       0x91 /tmp/ccCFch38.o

.debug_pubtypes
                0x0000000000000000       0x3d
 .debug_pubtypes
                0x0000000000000000       0x3d /tmp/ccCFch38.o

.comment        0x0000000000000000       0x36
 .comment       0x0000000000000000       0x36 /tmp/ccCFch38.o
                                         0x37 (size before relaxing)

.note.GNU-stack
                0x0000000000000000        0x0
 .note.GNU-stack
                0x0000000000000000        0x0 /tmp/ccCFch38.o

.ARM.attributes
                0x0000000000000000       0x37
 .ARM.attributes
                0x0000000000000000       0x3f /tmp/ccCFch38.o
 .ARM.attributes
                0x000000000000003f       0x26 /tmp/ccKkY3J4.o
 .ARM.attributes
                0x0000000000000065       0x26 /tmp/ccuX43C2.o

.debug_line     0x0000000000000000      0x409
 .debug_line    0x0000000000000000      0x34e /tmp/ccCFch38.o
 .debug_line    0x000000000000034e       0x57 /tmp/ccKkY3J4.o
 .debug_line    0x00000000000003a5       0x64 /tmp/ccuX43C2.o

.debug_frame    0x0000000000000000       0xc4
 .debug_frame   0x0000000000000000       0xc4 /tmp/ccCFch38.o

.debug_aranges  0x0000000000000000       0x40
 .debug_aranges
                0x0000000000000000       0x20 /tmp/ccKkY3J4.o
 .debug_aranges
                0x0000000000000020       0x20 /tmp/ccuX43C2.o
